// Jest Snapshot v1, https://goo.gl/fbAQLP

exports[`Probabilistic data validation validates failing data against the schema 1`] = `
[
  {
    "instancePath": "/type",
    "keyword": "enum",
    "message": "must be equal to one of the allowed values",
    "params": {
      "allowedValues": [
        "discrete",
        "continuous",
      ],
    },
    "schemaPath": "#/properties/type/enum",
  },
  {
    "instancePath": "/states/levels/17",
    "keyword": "type",
    "message": "must be number",
    "params": {
      "type": "number",
    },
    "schemaPath": "#/properties/states/properties/levels/items/type",
  },
  {
    "instancePath": "/standardDeviation",
    "keyword": "type",
    "message": "must be number,null",
    "params": {
      "type": [
        "number",
        "null",
      ],
    },
    "schemaPath": "#/properties/standardDeviation/type",
  },
]
`;
